<html>
<body>
<pre>
<h1>µVision Build Log</h1>
<h2>Tool Versions:</h2>
IDE-Version: ¦ÌVision V5.31.0.0
Copyright (C) 2020 ARM Ltd and ARM Germany GmbH. All rights reserved.
License Information: Frank Young,  , LIC=CRMWF-6ACD3-D30M3-AQXIG-BMK30-A69NA
 
Tool Versions:
Toolchain:       MDK-ARM Professional  Version: 5.31.0.0
Toolchain Path:  F:\keil5\ARM\ARMCLANG\Bin
C Compiler:      ArmClang.exe V6.14
Assembler:       Armasm.exe V6.14
Linker/Locator:  ArmLink.exe V6.14
Library Manager: ArmAr.exe V6.14
Hex Converter:   FromElf.exe V6.14
CPU DLL:         SARMCM3.DLL V5.31.0.0
Dialog DLL:      DCM.DLL V1.17.3.0
Target DLL:      Segger\JL2CM3.dll V2.99.38.0
Dialog DLL:      TCM.DLL V1.46.0.0
 
<h2>Project:</h2>
C:\Users\Frank Young\Desktop\backup\ADRC-controller\USER\USART.uvprojx
Project File Date:  08/24/2020

<h2>Output:</h2>
*** Using Compiler 'V6.14', folder: 'F:\keil5\ARM\ARMCLANG\Bin'
Build target 'Control_system'
objects.cpp(5): warning: In file included from...
../USER/objects.h(15): warning: In file included from...
../SYSTEM/usart\usart.h(14): warning: In file included from...
../USER\info_to_send.h(11): warning: typedef requires a name [-Wmissing-declarations]
typedef struct info {
^~~~~~~
1 warning generated.
compiling objects.cpp...
linking...
Program Size: Code=29666 RO-data=1298 RW-data=52 ZI-data=9956  
FromELF: creating hex file...
"..\OBJ\USART.axf" - 0 Error(s), 1 Warning(s).

<h2>Software Packages used:</h2>

Package Vendor: Keil
                http://www.keil.com/pack/Keil.STM32F4xx_DFP.2.5.0.pack
                Keil.STM32F4xx_DFP.2.5.0
                STMicroelectronics STM32F4 Series Device Support, Drivers and Examples

<h2>Collection of Component include folders:</h2>
  F:\keil5\ARM\PACK\Keil\STM32F4xx_DFP\2.5.0\Drivers\CMSIS\Device\ST\STM32F4xx\Include

<h2>Collection of Component Files used:</h2>
Build Time Elapsed:  00:00:03
</pre>
</body>
</html>
